// Jest Snapshot v1, https://goo.gl/fbAQLP

exports[`matches snapshot 1`] = `
<DocumentFragment>
  <div
    class="App"
  >
    <div
      class="TodoList-container"
    >
      <h1>
        TodoList
      </h1>
      <form>
        <label
          for="todo"
        >
          Todo: 
        </label>
        <input
          id="todo"
          name="todo"
          placeholder="todo"
          type="text"
          value=""
        />
        <button>
          Add
        </button>
      </form>
      <div>
        <ul>
          <div
            class="Todo-container"
          >
            <li
              class="Todo"
              style="list-style-type: none;"
            >
              Feed cats
            </li>
            <button
              class="Todo-delete-btn"
              id="ed90cc16-5eb5-4807-b10e-5288127cf0a4"
            >
              x
            </button>
          </div>
        </ul>
      </div>
    </div>
  </div>
</DocumentFragment>
`;
